package de.tud.stg.popart.builder.test.generated;

import de.tud.stg.popart.builder.utils.DSLInvoker;
import de.tud.stg.popart.builder.test.dsls.ConditionalDSL;

new DSLInvoker ( ConditionalDSL.class ) .eval ( ) {
	boolean b = 1==0;
	boolean c = 1==1;
	
	ifThenElse(
		b,
		{

		ifThenElse(
			c,
			{
				print "is b=true, c=true"
	 		},
			{
				print "is b=true, c=false"
	 		})

 		},
		{
			print "is b=false"
 		})
}
 