
		state(name:"reseted",type:"start") {
		  entry "resetTimer"
		  transitions {
			when_event_enter("start","running")
			when_event_enter("switchOff","off")
		  }
		};
	
		state(name:"running") {
		  entry "startTimer"
		  perform "loopRunning" //do is a reserved keyword in Groovy
		  transitions {
			when_event_enter("split","paused")
			when_event_enter("stop","stopped")
		  }
		};
	
		state(name:"paused") {
		  entry "pauseTimer"
		  transitions {
			when_event_enter("unsplit","running")
			when_event_enter("stop","stopped")
		  }
		};
	
		state(name:"stopped") {
		  entry "stopTimer"
		  transitions {
			when_event_enter("reset","stopped")
			when_event_enter("switchOff","off")
		  }
		};
	
		state(name:"off") {
		  exit "switchOff"
		  transitions {
			when_enter("end")
		  }
		};