Categories: 
PROGRAM
STATEMENT
STATEMENTS
(".*?")
$double$
Float
$integer$
Closure
true
false
String
M3(state_p0_type_p1_lcub_p2_rcub_semi)
state
OWHITESPACES
P0{0}
type
P1{1}
{
P2{2}
}
;
M6(state_p0_lcub_p1_rcub_semi)
P0{4}
P1{5}
M9(p0_rarr_p1)
P0{7}
→
P1{8}
M11(rarr_p0)
P0{10}
$water$

StartRule: PROGRAM --> STATEMENTS 

Rules: 
OWHITESPACES --> \s* OWHITESPACES 
OWHITESPACES --> \s* 
RWHITESPACES --> \s+ OWHITESPACES 
RWHITESPACES --> \s+ 
STATEMENTS --> STATEMENT 
STATEMENTS --> STATEMENT OWHITESPACES STATEMENTS 
Object --> String 
String --> (".*?") 
TYPE --> String 
Object --> Double 
Double --> $double$ 
Double --> Float 
TYPE --> Double 
Object --> Integer 
Integer --> $integer$ 
Closure --> STATEMENTS 
Object --> Boolean 
Boolean --> true 
Boolean --> false 
TYPE --> Boolean 
P0{0} --> String 
String --> PTYPE 
P1{1} --> String 
P2{2} --> Closure 
Closure --> PTYPE 
STATEMENT --> M3(state_p0_type_p1_lcub_p2_rcub_semi) 
M3(state_p0_type_p1_lcub_p2_rcub_semi) --> state OWHITESPACES P0{0} OWHITESPACES type OWHITESPACES P1{1} OWHITESPACES { OWHITESPACES P2{2} OWHITESPACES } OWHITESPACES ; 
P0{4} --> String 
P1{5} --> Closure 
STATEMENT --> M6(state_p0_lcub_p1_rcub_semi) 
M6(state_p0_lcub_p1_rcub_semi) --> state OWHITESPACES P0{4} OWHITESPACES { OWHITESPACES P1{5} OWHITESPACES } OWHITESPACES ; 
P0{7} --> String 
P1{8} --> String 
STATEMENT --> M9(p0_rarr_p1) 
M9(p0_rarr_p1) --> P0{7} OWHITESPACES → OWHITESPACES P1{8} 
P0{10} --> String 
STATEMENT --> M11(rarr_p0) 
M11(rarr_p0) --> → OWHITESPACES P0{10} 
STATEMENT --> $water$ 
