package generated;

import de.tud.stg.popart.builder.utils.DSLInvoker;
import de.tud.stg.popart.builder.test.dsls.SimpleSqlDSL;

new DSLInvoker(SimpleSqlDSL.class).eval() {

	selectFrom(
	[
		"id",
 		"age",
 		"haircolor"
	] as String[],
	[
		"students"
	] as String[])
 	
 	selectFromWhere(
	[
		"id",
 		"age",
 		"haircolor"
	] as String[],
	[
		"students"
	] as String[],
	[
		"id!=0",
 		"age>20"
	] as String[])
}
 