package generated;

import de.tud.stg.popart.builder.utils.DSLInvoker;
import de.tud.stg.popart.builder.test.dsls.SetDSL;

new DSLInvoker(SetDSL.class).eval() {
 
	String a = "a" ;
 
	Set M = asSet(
		multiElementedList(
			"a",
			multiElementedList(
				"b",
				singleElementedList(
				"c"))));
				
	print M

}
 