

int a= DSLInvoker.getDSL(MathDSL.class).sum__p0([1,2] as int[])

int b= DSLInvoker.getDSL(MathDSL.class).sum__p0([2,3] as int[])

println a

println b

	DSLInvoker.getDSL(SimpleSqlDSL.class).selectFrom(
	[
		"id",
 		"age",
 		"haircolor"
	] as String[],
	[
		"students"
	] as String[])

	DSLInvoker.getDSL(SimpleSqlDSL.class).selectFromWhere(
	[
		"id",
 		"age",
 		"haircolor"
	] as String[],
	[
		"students"
	] as String[],
	[
		"id!=0",
 		"age>20"
	] as String[]) // works when followed by such a comment
