println (  kilogram(
18))
	println ( kilogram(
18) * 2 )
	println ( kilogram(
1800000) / 3 ) 
	println ( kilogram(
1) * 2 + kilogram(
3) / 4 )
	println ( centimeter(
3) + meter(
12) * 3 - kilometer(
1) )
	println ( kilogram(
18) * 2 )
	println ( kilogram(
1800000) / 3 )
	println ( kilogram(
1) * 2 + kilogram(
3) / 4 )
	println ( hours(
1) + seconds(
33) - hours(
3) )	